AR plb_slave_attachment implementation C:/Xilinx/13.2/ISE_DS/EDK/hw/XilinxProcessorIPLib/pcores/plbv46_slave_burst_v1_01_a/hdl/vhdl/plb_slave_attachment.vhd sub00/vhpl13 1380114805
EN plb_address_decoder NULL C:/Xilinx/13.2/ISE_DS/EDK/hw/XilinxProcessorIPLib/pcores/plbv46_slave_burst_v1_01_a/hdl/vhdl/plb_address_decoder.vhd sub00/vhpl04 1380114796
AR flex_addr_cntr implementation C:/Xilinx/13.2/ISE_DS/EDK/hw/XilinxProcessorIPLib/pcores/plbv46_slave_burst_v1_01_a/hdl/vhdl/flex_addr_cntr.vhd sub00/vhpl01 1380114793
AR wr_buffer imp C:/Xilinx/13.2/ISE_DS/EDK/hw/XilinxProcessorIPLib/pcores/plbv46_slave_burst_v1_01_a/hdl/vhdl/wr_buffer.vhd sub00/vhpl07 1380114799
EN wr_buffer NULL C:/Xilinx/13.2/ISE_DS/EDK/hw/XilinxProcessorIPLib/pcores/plbv46_slave_burst_v1_01_a/hdl/vhdl/wr_buffer.vhd sub00/vhpl06 1380114798
EN data_mirror_128 NULL C:/Xilinx/13.2/ISE_DS/EDK/hw/XilinxProcessorIPLib/pcores/plbv46_slave_burst_v1_01_a/hdl/vhdl/data_mirror_128.vhd sub00/vhpl14 1380114806
AR data_mirror_128 implementation C:/Xilinx/13.2/ISE_DS/EDK/hw/XilinxProcessorIPLib/pcores/plbv46_slave_burst_v1_01_a/hdl/vhdl/data_mirror_128.vhd sub00/vhpl15 1380114807
AR burst_support implementation C:/Xilinx/13.2/ISE_DS/EDK/hw/XilinxProcessorIPLib/pcores/plbv46_slave_burst_v1_01_a/hdl/vhdl/burst_support.vhd sub00/vhpl09 1380114801
AR plb_address_decoder imp C:/Xilinx/13.2/ISE_DS/EDK/hw/XilinxProcessorIPLib/pcores/plbv46_slave_burst_v1_01_a/hdl/vhdl/plb_address_decoder.vhd sub00/vhpl05 1380114797
AR plbv46_slave_burst implementation C:/Xilinx/13.2/ISE_DS/EDK/hw/XilinxProcessorIPLib/pcores/plbv46_slave_burst_v1_01_a/hdl/vhdl/plbv46_slave_burst.vhd sub00/vhpl17 1380114809
EN be_reset_gen NULL C:/Xilinx/13.2/ISE_DS/EDK/hw/XilinxProcessorIPLib/pcores/plbv46_slave_burst_v1_01_a/hdl/vhdl/be_reset_gen.vhd sub00/vhpl02 1380114794
AR be_reset_gen implementation C:/Xilinx/13.2/ISE_DS/EDK/hw/XilinxProcessorIPLib/pcores/plbv46_slave_burst_v1_01_a/hdl/vhdl/be_reset_gen.vhd sub00/vhpl03 1380114795
EN burst_support NULL C:/Xilinx/13.2/ISE_DS/EDK/hw/XilinxProcessorIPLib/pcores/plbv46_slave_burst_v1_01_a/hdl/vhdl/burst_support.vhd sub00/vhpl08 1380114800
EN addr_reg_cntr_brst_flex NULL C:/Xilinx/13.2/ISE_DS/EDK/hw/XilinxProcessorIPLib/pcores/plbv46_slave_burst_v1_01_a/hdl/vhdl/addr_reg_cntr_brst_flex.vhd sub00/vhpl10 1380114802
EN plbv46_slave_burst NULL C:/Xilinx/13.2/ISE_DS/EDK/hw/XilinxProcessorIPLib/pcores/plbv46_slave_burst_v1_01_a/hdl/vhdl/plbv46_slave_burst.vhd sub00/vhpl16 1380114808
EN flex_addr_cntr NULL C:/Xilinx/13.2/ISE_DS/EDK/hw/XilinxProcessorIPLib/pcores/plbv46_slave_burst_v1_01_a/hdl/vhdl/flex_addr_cntr.vhd sub00/vhpl00 1380114792
AR addr_reg_cntr_brst_flex implementation C:/Xilinx/13.2/ISE_DS/EDK/hw/XilinxProcessorIPLib/pcores/plbv46_slave_burst_v1_01_a/hdl/vhdl/addr_reg_cntr_brst_flex.vhd sub00/vhpl11 1380114803
EN plb_slave_attachment NULL C:/Xilinx/13.2/ISE_DS/EDK/hw/XilinxProcessorIPLib/pcores/plbv46_slave_burst_v1_01_a/hdl/vhdl/plb_slave_attachment.vhd sub00/vhpl12 1380114804
