G:\StudyFolder\MTP\MAIN\EDK_work\Design2\matmult3232_raw1K\try1\implementation\system.ngc 1380645387
G:/StudyFolder/MTP/MAIN/EDK_work/Design2/matmult3232_raw1K/try1/implementation/microblaze_0_wrapper.ngc 1380645169
G:/StudyFolder/MTP/MAIN/EDK_work/Design2/matmult3232_raw1K/try1/implementation/mb_plb_wrapper.ngc 1380644848
G:/StudyFolder/MTP/MAIN/EDK_work/Design2/matmult3232_raw1K/try1/implementation/ilmb_wrapper.ngc 1380645172
G:/StudyFolder/MTP/MAIN/EDK_work/Design2/matmult3232_raw1K/try1/implementation/dlmb_wrapper.ngc 1380645175
G:/StudyFolder/MTP/MAIN/EDK_work/Design2/matmult3232_raw1K/try1/implementation/dlmb_cntlr_wrapper.ngc 1380644861
G:/StudyFolder/MTP/MAIN/EDK_work/Design2/matmult3232_raw1K/try1/implementation/ilmb_cntlr_wrapper.ngc 1380644866
G:/StudyFolder/MTP/MAIN/EDK_work/Design2/matmult3232_raw1K/try1/implementation/lmb_bram_wrapper.ngc 1380644876
G:/StudyFolder/MTP/MAIN/EDK_work/Design2/matmult3232_raw1K/try1/implementation/rs232_uart_1_wrapper.ngc 1380644891
G:/StudyFolder/MTP/MAIN/EDK_work/Design2/matmult3232_raw1K/try1/implementation/rs232_uart_2_wrapper.ngc 1380644908
G:/StudyFolder/MTP/MAIN/EDK_work/Design2/matmult3232_raw1K/try1/implementation/ddr2_sdram_wrapper.ngc 1380645177
G:/StudyFolder/MTP/MAIN/EDK_work/Design2/matmult3232_raw1K/try1/implementation/clock_generator_0_wrapper.ngc 1380645180
G:/StudyFolder/MTP/MAIN/EDK_work/Design2/matmult3232_raw1K/try1/implementation/mdm_0_wrapper.ngc 1380645045
G:/StudyFolder/MTP/MAIN/EDK_work/Design2/matmult3232_raw1K/try1/implementation/proc_sys_reset_0_wrapper.ngc 1380645050
G:/StudyFolder/MTP/MAIN/EDK_work/Design2/matmult3232_raw1K/try1/implementation/xps_central_dma_0_wrapper.ngc 1380645091
G:/StudyFolder/MTP/MAIN/EDK_work/Design2/matmult3232_raw1K/try1/implementation/xps_timer_0_wrapper.ngc 1380645110
G:/StudyFolder/MTP/MAIN/EDK_work/Design2/matmult3232_raw1K/try1/implementation/plb_periph_0_wrapper.ngc 1380645161
OK
