G:\StudyFolder\MTP\MAIN\EDK_work\Design1\matmult_raw\implementation\system.ngc 1380115498
G:/StudyFolder/MTP/MAIN/EDK_work/Design1/matmult_raw/implementation/microblaze_0_wrapper.ngc 1380115236
G:/StudyFolder/MTP/MAIN/EDK_work/Design1/matmult_raw/implementation/mb_plb_wrapper.ngc 1380115236
G:/StudyFolder/MTP/MAIN/EDK_work/Design1/matmult_raw/implementation/ilmb_wrapper.ngc 1380115236
G:/StudyFolder/MTP/MAIN/EDK_work/Design1/matmult_raw/implementation/dlmb_wrapper.ngc 1380115236
G:/StudyFolder/MTP/MAIN/EDK_work/Design1/matmult_raw/implementation/dlmb_cntlr_wrapper.ngc 1380115236
G:/StudyFolder/MTP/MAIN/EDK_work/Design1/matmult_raw/implementation/ilmb_cntlr_wrapper.ngc 1380115236
G:/StudyFolder/MTP/MAIN/EDK_work/Design1/matmult_raw/implementation/lmb_bram_wrapper.ngc 1380115236
G:/StudyFolder/MTP/MAIN/EDK_work/Design1/matmult_raw/implementation/rs232_uart_1_wrapper.ngc 1380115236
G:/StudyFolder/MTP/MAIN/EDK_work/Design1/matmult_raw/implementation/rs232_uart_2_wrapper.ngc 1380115236
G:/StudyFolder/MTP/MAIN/EDK_work/Design1/matmult_raw/implementation/ddr2_sdram_wrapper.ngc 1380115236
G:/StudyFolder/MTP/MAIN/EDK_work/Design1/matmult_raw/implementation/clock_generator_0_wrapper.ngc 1380115303
G:/StudyFolder/MTP/MAIN/EDK_work/Design1/matmult_raw/implementation/mdm_0_wrapper.ngc 1380115236
G:/StudyFolder/MTP/MAIN/EDK_work/Design1/matmult_raw/implementation/proc_sys_reset_0_wrapper.ngc 1380115236
G:/StudyFolder/MTP/MAIN/EDK_work/Design1/matmult_raw/implementation/xps_central_dma_0_wrapper.ngc 1380115236
G:/StudyFolder/MTP/MAIN/EDK_work/Design1/matmult_raw/implementation/plb_periph_0_wrapper.ngc 1380115299
OK
