AR user_logic imp G:/StudyFolder/MTP/MAIN/EDK_work/Design1/matmult_raw/pcores/plb_periph_v1_00_a/hdl/vhdl/user_logic.vhd sub00/vhpl01 1380114811
EN user_logic NULL G:/StudyFolder/MTP/MAIN/EDK_work/Design1/matmult_raw/pcores/plb_periph_v1_00_a/hdl/vhdl/user_logic.vhd sub00/vhpl00 1380114810
AR plb_periph imp G:/StudyFolder/MTP/MAIN/EDK_work/Design1/matmult_raw/pcores/plb_periph_v1_00_a/hdl/vhdl/plb_periph.vhd sub00/vhpl03 1380114813
EN plb_periph NULL G:/StudyFolder/MTP/MAIN/EDK_work/Design1/matmult_raw/pcores/plb_periph_v1_00_a/hdl/vhdl/plb_periph.vhd sub00/vhpl02 1380114812
