V3 13
FL G:/StudyFolder/MTP/MAIN/EDK_work/Design1/matmult_raw/pcores/plb_periph_v1_00_a/hdl/vhdl/plb_periph.vhd 2013/09/24.15:53:47 O.61xd
EN plb_periph_v1_00_a/plb_periph 1380114812 \
      FL G:/StudyFolder/MTP/MAIN/EDK_work/Design1/matmult_raw/pcores/plb_periph_v1_00_a/hdl/vhdl/plb_periph.vhd \
      PB ieee/std_logic_1164 1308643377 PB ieee/std_logic_arith 1308643378 \
      PB ieee/STD_LOGIC_UNSIGNED 1308643379 LB proc_common_v3_00_a \
      PB proc_common_v3_00_a/proc_common_pkg 1380114781 \
      PB proc_common_v3_00_a/ipif_pkg 1380114789 LB plbv46_slave_burst_v1_01_a \
      EN plbv46_slave_burst_v1_01_a/plbv46_slave_burst 1380114808 \
      LB plb_periph_v1_00_a EN plb_periph_v1_00_a/user_logic 1380114810
AR plb_periph_v1_00_a/plb_periph/IMP 1380114813 \
      FL G:/StudyFolder/MTP/MAIN/EDK_work/Design1/matmult_raw/pcores/plb_periph_v1_00_a/hdl/vhdl/plb_periph.vhd \
      EN plb_periph_v1_00_a/plb_periph 1380114812 \
      CP plbv46_slave_burst_v1_01_a/plbv46_slave_burst \
      CP plb_periph_v1_00_a/user_logic
FL G:/StudyFolder/MTP/MAIN/EDK_work/Design1/matmult_raw/pcores/plb_periph_v1_00_a/hdl/vhdl/user_logic.vhd 2013/09/25.18:42:46 O.61xd
EN plb_periph_v1_00_a/user_logic 1380114810 \
      FL G:/StudyFolder/MTP/MAIN/EDK_work/Design1/matmult_raw/pcores/plb_periph_v1_00_a/hdl/vhdl/user_logic.vhd \
      PB ieee/std_logic_1164 1308643377 PB ieee/std_logic_arith 1308643378 \
      PB ieee/STD_LOGIC_UNSIGNED 1308643379 LB proc_common_v3_00_a \
      PB proc_common_v3_00_a/proc_common_pkg 1380114781
AR plb_periph_v1_00_a/user_logic/IMP 1380114811 \
      FL G:/StudyFolder/MTP/MAIN/EDK_work/Design1/matmult_raw/pcores/plb_periph_v1_00_a/hdl/vhdl/user_logic.vhd \
      EN plb_periph_v1_00_a/user_logic 1380114810 CP mkOA CP mkTranspose
