AR user_logic imp G:/StudyFolder/MTP/MAIN/EDK_work/Design2/matmult3232_raw1K/try1/pcores/plb_periph_v1_00_a/hdl/vhdl/user_logic.vhd sub00/vhpl01 1380631379
EN user_logic NULL G:/StudyFolder/MTP/MAIN/EDK_work/Design2/matmult3232_raw1K/try1/pcores/plb_periph_v1_00_a/hdl/vhdl/user_logic.vhd sub00/vhpl00 1380631378
AR plb_periph imp G:/StudyFolder/MTP/MAIN/EDK_work/Design2/matmult3232_raw1K/try1/pcores/plb_periph_v1_00_a/hdl/vhdl/plb_periph.vhd sub00/vhpl03 1380631381
EN plb_periph NULL G:/StudyFolder/MTP/MAIN/EDK_work/Design2/matmult3232_raw1K/try1/pcores/plb_periph_v1_00_a/hdl/vhdl/plb_periph.vhd sub00/vhpl02 1380631380
