V3 13
FL G:/StudyFolder/MTP/MAIN/EDK_work/Design2/matmult3232_raw1K/try1/pcores/plb_periph_v1_00_a/hdl/vhdl/plb_periph.vhd 2013/09/27.16:43:16 O.61xd
EN plb_periph_v1_00_a/plb_periph 1380631380 \
      FL G:/StudyFolder/MTP/MAIN/EDK_work/Design2/matmult3232_raw1K/try1/pcores/plb_periph_v1_00_a/hdl/vhdl/plb_periph.vhd \
      PB ieee/std_logic_1164 1308643377 PB ieee/std_logic_arith 1308643378 \
      PB ieee/STD_LOGIC_UNSIGNED 1308643379 LB proc_common_v3_00_a \
      PB proc_common_v3_00_a/proc_common_pkg 1380631349 \
      PB proc_common_v3_00_a/ipif_pkg 1380631357 LB plbv46_slave_burst_v1_01_a \
      EN plbv46_slave_burst_v1_01_a/plbv46_slave_burst 1380631376 \
      LB plb_periph_v1_00_a EN plb_periph_v1_00_a/user_logic 1380631378
AR plb_periph_v1_00_a/plb_periph/IMP 1380631381 \
      FL G:/StudyFolder/MTP/MAIN/EDK_work/Design2/matmult3232_raw1K/try1/pcores/plb_periph_v1_00_a/hdl/vhdl/plb_periph.vhd \
      EN plb_periph_v1_00_a/plb_periph 1380631380 \
      CP plbv46_slave_burst_v1_01_a/plbv46_slave_burst \
      CP plb_periph_v1_00_a/user_logic
FL G:/StudyFolder/MTP/MAIN/EDK_work/Design2/matmult3232_raw1K/try1/pcores/plb_periph_v1_00_a/hdl/vhdl/user_logic.vhd 2013/10/01.18:11:19 O.61xd
EN plb_periph_v1_00_a/user_logic 1380631378 \
      FL G:/StudyFolder/MTP/MAIN/EDK_work/Design2/matmult3232_raw1K/try1/pcores/plb_periph_v1_00_a/hdl/vhdl/user_logic.vhd \
      PB ieee/std_logic_1164 1308643377 PB ieee/std_logic_arith 1308643378 \
      PB ieee/STD_LOGIC_UNSIGNED 1308643379 LB proc_common_v3_00_a \
      PB proc_common_v3_00_a/proc_common_pkg 1380631349
AR plb_periph_v1_00_a/user_logic/IMP 1380631379 \
      FL G:/StudyFolder/MTP/MAIN/EDK_work/Design2/matmult3232_raw1K/try1/pcores/plb_periph_v1_00_a/hdl/vhdl/user_logic.vhd \
      EN plb_periph_v1_00_a/user_logic 1380631378 CP mkOA CP mkTranspose
