AR plb_slave_attachment implementation C:/Xilinx/13.2/ISE_DS/EDK/hw/XilinxProcessorIPLib/pcores/plbv46_slave_burst_v1_01_a/hdl/vhdl/plb_slave_attachment.vhd sub00/vhpl13 1380631373
EN plb_address_decoder NULL C:/Xilinx/13.2/ISE_DS/EDK/hw/XilinxProcessorIPLib/pcores/plbv46_slave_burst_v1_01_a/hdl/vhdl/plb_address_decoder.vhd sub00/vhpl04 1380631364
AR flex_addr_cntr implementation C:/Xilinx/13.2/ISE_DS/EDK/hw/XilinxProcessorIPLib/pcores/plbv46_slave_burst_v1_01_a/hdl/vhdl/flex_addr_cntr.vhd sub00/vhpl01 1380631361
AR wr_buffer imp C:/Xilinx/13.2/ISE_DS/EDK/hw/XilinxProcessorIPLib/pcores/plbv46_slave_burst_v1_01_a/hdl/vhdl/wr_buffer.vhd sub00/vhpl07 1380631367
EN wr_buffer NULL C:/Xilinx/13.2/ISE_DS/EDK/hw/XilinxProcessorIPLib/pcores/plbv46_slave_burst_v1_01_a/hdl/vhdl/wr_buffer.vhd sub00/vhpl06 1380631366
EN data_mirror_128 NULL C:/Xilinx/13.2/ISE_DS/EDK/hw/XilinxProcessorIPLib/pcores/plbv46_slave_burst_v1_01_a/hdl/vhdl/data_mirror_128.vhd sub00/vhpl14 1380631374
AR data_mirror_128 implementation C:/Xilinx/13.2/ISE_DS/EDK/hw/XilinxProcessorIPLib/pcores/plbv46_slave_burst_v1_01_a/hdl/vhdl/data_mirror_128.vhd sub00/vhpl15 1380631375
AR burst_support implementation C:/Xilinx/13.2/ISE_DS/EDK/hw/XilinxProcessorIPLib/pcores/plbv46_slave_burst_v1_01_a/hdl/vhdl/burst_support.vhd sub00/vhpl09 1380631369
AR plb_address_decoder imp C:/Xilinx/13.2/ISE_DS/EDK/hw/XilinxProcessorIPLib/pcores/plbv46_slave_burst_v1_01_a/hdl/vhdl/plb_address_decoder.vhd sub00/vhpl05 1380631365
AR plbv46_slave_burst implementation C:/Xilinx/13.2/ISE_DS/EDK/hw/XilinxProcessorIPLib/pcores/plbv46_slave_burst_v1_01_a/hdl/vhdl/plbv46_slave_burst.vhd sub00/vhpl17 1380631377
EN be_reset_gen NULL C:/Xilinx/13.2/ISE_DS/EDK/hw/XilinxProcessorIPLib/pcores/plbv46_slave_burst_v1_01_a/hdl/vhdl/be_reset_gen.vhd sub00/vhpl02 1380631362
AR be_reset_gen implementation C:/Xilinx/13.2/ISE_DS/EDK/hw/XilinxProcessorIPLib/pcores/plbv46_slave_burst_v1_01_a/hdl/vhdl/be_reset_gen.vhd sub00/vhpl03 1380631363
EN burst_support NULL C:/Xilinx/13.2/ISE_DS/EDK/hw/XilinxProcessorIPLib/pcores/plbv46_slave_burst_v1_01_a/hdl/vhdl/burst_support.vhd sub00/vhpl08 1380631368
EN addr_reg_cntr_brst_flex NULL C:/Xilinx/13.2/ISE_DS/EDK/hw/XilinxProcessorIPLib/pcores/plbv46_slave_burst_v1_01_a/hdl/vhdl/addr_reg_cntr_brst_flex.vhd sub00/vhpl10 1380631370
EN plbv46_slave_burst NULL C:/Xilinx/13.2/ISE_DS/EDK/hw/XilinxProcessorIPLib/pcores/plbv46_slave_burst_v1_01_a/hdl/vhdl/plbv46_slave_burst.vhd sub00/vhpl16 1380631376
EN flex_addr_cntr NULL C:/Xilinx/13.2/ISE_DS/EDK/hw/XilinxProcessorIPLib/pcores/plbv46_slave_burst_v1_01_a/hdl/vhdl/flex_addr_cntr.vhd sub00/vhpl00 1380631360
AR addr_reg_cntr_brst_flex implementation C:/Xilinx/13.2/ISE_DS/EDK/hw/XilinxProcessorIPLib/pcores/plbv46_slave_burst_v1_01_a/hdl/vhdl/addr_reg_cntr_brst_flex.vhd sub00/vhpl11 1380631371
EN plb_slave_attachment NULL C:/Xilinx/13.2/ISE_DS/EDK/hw/XilinxProcessorIPLib/pcores/plbv46_slave_burst_v1_01_a/hdl/vhdl/plb_slave_attachment.vhd sub00/vhpl12 1380631372
